[backblue.gif]
[fade.gif]
[index.html]
[donabeatriz.org/index.html]
[donabeatriz.org/wp-content/uploads/2024/02/Photo_Accueil_Banniere-1-scaled.jpg]
[donabeatriz.org/index.php/feed/index.html]
[donabeatriz.org/index.php/comments/feed/index.html]
[donabeatriz.org/wp-includes/js/dist/interactivity.min2db0.js]
[donabeatriz.org/wp-includes/blocks/navigation/style.min2db0.css]
[donabeatriz.org/wp-includes/blocks/navigation/view.minff1e.js]
[donabeatriz.org/wp-includes/blocks/cover/style.min2db0.css]
[donabeatriz.org/wp-includes/js/jquery/jquery.minf43b.js]
[donabeatriz.org/wp-content/themes/sonoran/assets/css/patterns1471.css]
[donabeatriz.org/wp-content/uploads/uag-plugin/assets/1000/uag-css-8727f45.css]
[donabeatriz.org/wp-content/plugins/sticky-menu-or-anything-on-scroll/assets/js/jq-sticky-anything.mine1fc.js]
[donabeatriz.org/xmlrpc0db0.php]
[donabeatriz.org/index.php/wp-json/index.html]
[donabeatriz.org/index.php/wp-json/wp/v2/pages/872]
[donabeatriz.org/index.php/wp-json/oembed/1.0/embed1571]
[use.fontawesome.com/releases/v6.5.1/css/all.css]
[donabeatriz.org/wp-content/themes/sonoran/assets/fonts/inter/Inter-Regular.ttf]
[donabeatriz.org/index.php/wp-json/oembed/1.0/embede866]
[use.fontawesome.com/releases/v6.5.1/css/v4-shims.css]
[donabeatriz.org/wp-content/themes/sonoran/assets/fonts/inter/Inter-SemiBold.ttf]
[donabeatriz.org/wp-content/themes/sonoran/assets/fonts/inter/Inter-Bold.ttf]
[donabeatriz.org/wp-content/themes/sonoran/assets/fonts/alegreya/Alegreya-Regular.ttf]
[donabeatriz.org/wp-content/themes/sonoran/assets/fonts/alegreya/Alegreya-Bold.ttf]
[donabeatriz.org/wp-content/uploads/2024/02/cropped-favicon-1-32x32.png]
[donabeatriz.org/wp-content/uploads/2024/02/cropped-favicon-1-192x192.png]
[donabeatriz.org/wp-content/uploads/2023/03/Logo-Asso-Dona-Beatriz_texte_Plan-de-travail-1.png]
[donabeatriz.org/wp-content/uploads/2024/02/Logo_DonaBeatriz_dessin-1.png]
[donabeatriz.org/wp-content/uploads/2024/02/Logo_DonaBeatriz_texte-2.png]
[donabeatriz.org/wp-content/uploads/2023/03/Logo-Asso-Dona-Beatriz_complet-869x1024.png]
[donabeatriz.org/wp-content/uploads/2024/03/Photo_Mission_Illettrisme-1024x683.webp]
[donabeatriz.org/wp-content/uploads/2024/03/Photo_Mission_Action_Solidaire-1024x683.webp]
[donabeatriz.org/wp-content/uploads/2024/02/Photo_Mission_Environnement-1024x941.jpg]
[donabeatriz.org/wp-content/uploads/2024/03/Logo_Fondaher.webp]
[donabeatriz.org/wp-content/uploads/2024/03/Logo_Partner_SocieteGenerale-300x125.webp]
[donabeatriz.org/wp-content/uploads/2024/02/Logo_Partner_RexelFrance-300x111.webp]
[donabeatriz.org/wp-content/uploads/2024/02/Logo_Partner_PRE-2.webp]
[donabeatriz.org/wp-content/uploads/2024/02/Logo_Partner_FondationPluriel.webp]
[donabeatriz.org/wp-content/uploads/2024/02/Logo_Projet_Leader-300x200.webp]
[donabeatriz.org/wp-content/uploads/2024/02/Logo_Partner_WDK-1.webp]
[donabeatriz.org/wp-content/uploads/2024/02/Logo_Partner_Oxium-300x149.webp]
[donabeatriz.org/wp-content/uploads/2024/02/Logo_Partner_Imperio-300x70.webp]
[donabeatriz.org/wp-content/uploads/2024/03/Logo-FICUS-995x1024.webp]
[donabeatriz.org/wp-content/uploads/2024/02/Logo_Partner_Pina.webp]
[donabeatriz.org/wp-content/uploads/2024/02/Logo_Partner_Adapei-300x146.webp]
[donabeatriz.org/wp-content/uploads/2024/02/Logo_Partner_Synelience-300x92.webp]
[donabeatriz.org/wp-content/uploads/2024/02/Logo_2R.webp]
[donabeatriz.org/wp-content/plugins/sticky-menu-or-anything-on-scroll/assets/js/stickThise1fc.js]
[donabeatriz.org/wp-content/uploads/2024/02/Photo_Accueil_Banniere-1-scaled.jpg]
[donabeatriz.org/wp-includes/js/jquery/jquery.minf43b.js]
[donabeatriz.org/wp-includes/js/jquery/jquery-migrate.min5589.js]
[donabeatriz.org/index.php/nos-projets/index.html]
[donabeatriz.org/wp-content/uploads/2024/02/cropped-favicon-1-180x180.png]
[donabeatriz.org/wp-content/uploads/2024/02/Photo_Projet_GenerationSolidariteIMI.jpg]
[donabeatriz.org/index.php/wp-json/wp/v2/pages/951]
[donabeatriz.org/index.php/nous-rejoindre/index.html]
[donabeatriz.org/index.php/wp-json/oembed/1.0/embed3adf]
[donabeatriz.org/index.php/wp-json/oembed/1.0/embed132d]
[donabeatriz.org/index.php/faire-un-don/index.html]
[donabeatriz.org/wp-content/uploads/2024/02/Photo_Projet_Ulis.webp]
[donabeatriz.org/wp-content/uploads/2024/02/Photo_Projet_Ulis_Modale2-300x200.webp]
[donabeatriz.org/index.php/formulairecontact/index.html]
[donabeatriz.org/wp-content/uploads/2024/02/LogoProjet_LesUlis.webp]
[donabeatriz.org/wp-content/uploads/2024/02/Logo_Projet_Asforel.webp]
[donabeatriz.org/index.php/entreprise-faire-un-don/index.html]
[donabeatriz.org/wp-content/uploads/2024/02/Photo_Projet_GenerationSolidariteIMI.webp]
[donabeatriz.org/wp-content/uploads/2024/03/Photo_Projet_GenerationSolidarite_Modale-300x200.webp]
[donabeatriz.org/wp-content/uploads/2024/03/Photo_Projet_GenerationSolidarite_Modale2.webp]
[donabeatriz.org/wp-content/uploads/2024/03/Photo_Projet_GenerationSolidarite_Modale3.webp]
[donabeatriz.org/index.php/mentions-legales/index.html]
[donabeatriz.org/wp-content/uploads/2024/02/Logo_Projet_Besacon.webp]
[donabeatriz.org/wp-content/uploads/uag-plugin/assets/1000/uag-css-9517f45.css]
[donabeatriz.org/wp-content/uploads/2024/02/Logo_Partner_Adapei.webp]
[donabeatriz.org/wp-content/uploads/2024/03/Photo_Projet_RaconteHistoire.webp]
[donabeatriz.org/wp-content/uploads/2024/02/Photo_Projet_StJulien.webp]
[donabeatriz.org/wp-content/uploads/2024/02/LOGO_RaconteMoiUneHistoire-300x200.webp]
[donabeatriz.org/wp-content/uploads/2024/02/Logo_Projet_Gometz.webp]
[donabeatriz.org/wp-content/uploads/2024/02/Logo_Projet_Ellice.webp]
[donabeatriz.org/wp-content/uploads/2024/02/Photo_Projet_Paul.webp]
[donabeatriz.org/wp-content/uploads/2024/02/Photo_Projet_Paul_Modale-300x200.webp]
[donabeatriz.org/wp-content/uploads/2024/02/Logo_Projet_Paul.webp]
[donabeatriz.org/wp-content/uploads/2024/03/Logo_Projet_UnitedLisbon.webp]
[donabeatriz.org/wp-content/uploads/2024/02/Logo_Partner_Imperio.webp]
[donabeatriz.org/wp-content/uploads/2024/02/Logo_Projet_Capmagellan.webp]
[donabeatriz.org/wp-content/uploads/2024/02/Photo_Projet_DonDeLumiere.webp]
[donabeatriz.org/wp-content/uploads/2024/02/Photo_Projet_DonLumiere_Modale-300x200.webp]
[donabeatriz.org/wp-content/uploads/2024/03/Logo_Projet_Upowa-1-scaled.webp]
[donabeatriz.org/wp-content/uploads/2024/02/PhotoProjet_CartablesSolidaires1.webp]
[donabeatriz.org/wp-content/uploads/2024/03/Photo_Projet_CartablesSolidaires_Modale-300x200.webp]
[donabeatriz.org/wp-content/uploads/2024/02/Logo_Projet_Morsang-1.webp]
[donabeatriz.org/wp-content/uploads/2024/02/Photo_Projet_Collecte.webp]
[donabeatriz.org/wp-content/uploads/2024/02/Photo_Projet_Paul_Paniers.webp]
[donabeatriz.org/wp-content/uploads/2024/02/Photo_Projet_Paul_Clim-300x200.webp]
[donabeatriz.org/wp-content/uploads/2024/02/Photo_Projet_Paul_Marche-300x200.webp]
[donabeatriz.org/wp-content/uploads/2024/02/Photo_Projet_Paul_ArbreNoel-300x200.webp]
[donabeatriz.org/wp-content/uploads/2024/02/Photo_Projet_don_livre_Ulis.webp]
[donabeatriz.org/wp-content/uploads/2024/02/Logo_Projet_CollectionDB.webp]
[donabeatriz.org/wp-content/uploads/2024/02/Livre_Projet_Tim-212x300.webp]
[donabeatriz.org/wp-content/uploads/2024/02/Livre_Projet_Fidgi-211x300.webp]
[donabeatriz.org/wp-content/uploads/2024/02/Livre_Projet_Picorette-212x300.webp]
[donabeatriz.org/wp-content/uploads/2024/02/Livre_Projet_Pieds-211x300.webp]
[donabeatriz.org/wp-content/uploads/2024/02/Photo_Projet_AteliersSolidaires2.webp]
[donabeatriz.org/wp-content/uploads/2024/02/Photo_Projet_AteliersSolidaires_Creation1-300x200.webp]
[donabeatriz.org/wp-content/uploads/2024/02/Photo_Projet_AteliersSolidaires_Creation3-300x200.webp]
[donabeatriz.org/wp-content/uploads/2024/02/Photo_Projet_AteliersSolidaires_Vente1-300x200.webp]
[donabeatriz.org/wp-content/uploads/2024/02/Photo_Projet_AteliersSolidaires_Vente3-300x200.webp]
[donabeatriz.org/wp-content/uploads/2024/02/Photo_Projet_Leader_Modale.png]
[donabeatriz.org/wp-content/uploads/2024/02/Logo_Projet_Leader-scaled.webp]
[donabeatriz.org/wp-content/uploads/2024/02/Photo_Projet_ParcellesVertes.webp]
[donabeatriz.org/wp-content/uploads/2024/02/Logo_Projet_TimePlanet1.webp]
[donabeatriz.org/wp-content/plugins/ultimate-addons-for-gutenberg/assets/js/modal.minb005.js]
[donabeatriz.org/wp-content/uploads/uag-plugin/assets/1000/uag-js-9517f45.js]
[donabeatriz.org/wp-content/uploads/2024/03/Photo_Benevole_Benevole.webp]
[donabeatriz.org/index.php/wp-json/oembed/1.0/embed3029]
[donabeatriz.org/index.php/wp-json/wp/v2/pages/948]
[donabeatriz.org/wp-content/uploads/2024/02/Photo_Benevole_Projet.webp]
[donabeatriz.org/index.php/wp-json/oembed/1.0/embedf4b8]
[donabeatriz.org/wp-content/uploads/2024/03/Photo_Benevolat_SNU-1024x1024.webp]
[donabeatriz.org/wp-content/uploads/2024/03/Logo_Benevole_FranceBenevolat.webp]
[donabeatriz.org/wp-content/uploads/2024/02/Logo_Benevole_ReserveCivique.webp]
[donabeatriz.org/wp-content/uploads/2023/03/Logo-Asso-Dona-Beatriz_complet.png]
[donabeatriz.org/index.php/wp-json/wp/v2/pages/1024]
[donabeatriz.org/index.php/wp-json/oembed/1.0/embed59fb]
[donabeatriz.org/index.php/wp-json/oembed/1.0/embedcdce]
[donabeatriz.org/index.php/wp-json/wp/v2/pages/970]
[donabeatriz.org/index.php/wp-json/oembed/1.0/embed67e6]
[donabeatriz.org/index.php/wp-json/oembed/1.0/embed4d74]
[donabeatriz.org/wp-content/plugins/ultimate-addons-for-gutenberg/assets/js/forms.minb005.js]
[donabeatriz.org/wp-content/uploads/uag-plugin/assets/1000/uag-js-9707f45.js]
[donabeatriz.org/index.php/wp-json/oembed/1.0/embed60f0]
[donabeatriz.org/index.php/wp-json/wp/v2/pages/3800]
[donabeatriz.org/wp-content/uploads/uag-plugin/assets/4000/uag-js-38007f45.js]
[donabeatriz.org/index.php/wp-json/oembed/1.0/embed90dc]
[donabeatriz.org/index.php/wp-json/wp/v2/pages/272]
[donabeatriz.org/index.php/wp-json/oembed/1.0/embed8faa]
[donabeatriz.org/index.php/wp-json/oembed/1.0/embed6085]
[donabeatriz.org/wp-content/uploads/2024/02/Logo_Projet_CollectionDB.webp]
[donabeatriz.org/wp-content/uploads/2024/02/Livre_Projet_Tendresse-212x300.webp]
[donabeatriz.org/wp-content/uploads/2024/02/Livre_Projet_Mattheo-211x300.webp]
[donabeatriz.org/wp-content/uploads/2024/02/Photo_Projet_AteliersSolidaires-1024x682.webp]
[donabeatriz.org/wp-content/uploads/uag-plugin/assets/1000/uag-css-10247f45.css]
[donabeatriz.org/wp-content/uploads/uag-plugin/assets/1000/uag-css-9707f45.css]
[donabeatriz.org/wp-content/uploads/uag-plugin/assets/4000/uag-css-38007f45.css]
[donabeatriz.org/wp-content/uploads/uag-plugin/assets/0/uag-css-2727f45.css]
[donabeatriz.org/wp-content/uploads/uag-plugin/assets/1000/uag-css-9487f45.css]
